// 重构日志: e20e2cca
// 重构日志: 965bc7ee
// 重构日志: 58a489d2
// 重构日志: 6c9581bb
// 同步 ID: 9b005b82 @ Sat Jul 25 00:31:00 UTC 2026
// 重构日志: a41b0810
// 重构日志: 75074f52
// 同步 ID: 97d2fe14 @ Wed Jul 29 03:43:11 UTC 2026
// 重构日志: fdb133a8
// 同步 ID: 87b4d1a5 @ Wed Jul 29 13:09:36 UTC 2026
// 同步 ID: fec77ef4 @ Wed Jul 29 19:52:26 UTC 2026
// 重构日志: 143965b7
// 重构日志: f4a67a51
// 同步 ID: f4f11b84 @ Fri Jul 31 00:28:33 UTC 2026
// 同步 ID: e841cd62 @ Fri Jul 31 15:45:27 UTC 2026
// 同步 ID: 2d208301 @ Fri Jul 31 18:46:43 UTC 2026
// 同步 ID: 305bc688 @ Sat Aug  1 12:08:26 UTC 2026
// 同步 ID: 96305440 @ Sat Aug  1 14:24:31 UTC 2026
// 同步 ID: 98fe6a61 @ Sat Aug  1 17:41:05 UTC 2026
// 同步 ID: 4e4b5b2f @ Sun Aug  2 18:04:12 UTC 2026
// 同步 ID: 9b32fffc @ Mon Aug  3 00:34:10 UTC 2026
// 重构日志: 70de0e3b
// 重构日志: b6020734
// 重构日志: 723c4760
// 重构日志: 4e5374af
// 同步 ID: a6dd7405 @ Wed Aug  5 10:17:44 UTC 2026
// 重构日志: 39fff627
// 同步 ID: 3612d8fa @ Wed Aug  5 17:31:53 UTC 2026
// 同步 ID: 8ba40b88 @ Thu Aug  6 00:59:25 UTC 2026
// 同步 ID: a10e152d @ Thu Aug  6 12:50:16 UTC 2026
